// Jest Snapshot v1, https://goo.gl/fbAQLP

exports[`<Input/> should match snapshot 1`] = `
<input
  class="search-input"
  placeholder="Search..."
  type="text"
  value="teste"
/>
`;
